error: Parameter must have 1 argument
  --> tests/ui/with_original_mod_empty.rs:10:6
   |
10 |     .with_original_mod()
   |      ^^^^^^^^^^^^^^^^^
