error: Parameter argument must be an absolute module path literal, e.g. `crate::proto`
  --> tests/ui/with_this_mod_non_absolute.rs:10:20
   |
10 |     .with_this_mod(test)
   |                    ^^^^
