error: Field must be a single ident literal, e.g. `field1`
  --> tests/ui/with_struct_invalid_field_2.rs:11:22
   |
11 |     .with_struct(A, [foo::field]));
   |                      ^^^
