error: Parameter must have 1 argument
  --> tests/ui/with_suffix_no_ident.rs:12:6
   |
12 |     .with_suffix());
   |      ^^^^^^^^^^^
