error: Argument must be a path literal relative to `with_original_mod` argument, e.g. `root::Something`
  --> tests/ui/with_struct_invalid_ident.rs:11:18
   |
11 |     .with_struct("A", []));
   |                  ^^^
